// Jest Snapshot v1, https://goo.gl/fbAQLP

exports[`Qvain.Actors should render correctly 1`] = `
<Section
  components={
    Object {
      "tooltipContent": [Function],
    }
  }
  sectionName="Actors"
>
  <ActorModalBase />
  <withFieldErrorBoundary(ActorsField) />
</Section>
`;

exports[`Qvain.Actors store converts dataset for backend 1`] = `
Object {
  "contributor": Array [
    Object {
      "@type": "Person",
      "email": undefined,
      "identifier": undefined,
      "member_of": Object {
        "@type": "Organization",
        "email": undefined,
        "identifier": undefined,
        "name": Object {
          "en": "Some University",
        },
      },
      "name": "Teppo Testihenkilö",
    },
  ],
  "creator": Array [
    Object {
      "@type": "Organization",
      "email": undefined,
      "identifier": "http://uri.suomi.fi/codelist/fairdata/organization/code/10076-A802",
      "is_part_of": Object {
        "@type": "Organization",
        "email": undefined,
        "identifier": "http://uri.suomi.fi/codelist/fairdata/organization/code/10076",
        "name": Object {
          "en": "Aalto University",
          "fi": "Aalto yliopisto",
          "sv": "Aalto universitetet",
          "und": "Aalto yliopisto",
        },
      },
      "name": Object {
        "en": "Department of Media",
        "fi": "Department of Media",
        "und": "Department of Media",
      },
    },
    Object {
      "@type": "Person",
      "email": undefined,
      "identifier": undefined,
      "member_of": Object {
        "@type": "Organization",
        "email": undefined,
        "identifier": undefined,
        "name": Object {
          "en": "Some University",
        },
      },
      "name": "Teppo Testihenkilö",
    },
    Object {
      "@type": "Person",
      "email": "asdasd@test.com",
      "identifier": undefined,
      "member_of": Object {
        "@type": "Organization",
        "email": undefined,
        "identifier": "http://uri.suomi.fi/codelist/fairdata/organization/code/10076",
        "name": Object {
          "en": "Aalto University",
          "fi": "Aalto yliopisto",
          "sv": "Aalto universitetet",
          "und": "Aalto yliopisto",
        },
      },
      "name": "Asdasd J. Qwerty",
    },
    Object {
      "@type": "Organization",
      "email": undefined,
      "identifier": "http://example.com/org",
      "name": Object {
        "en": "Some Organization",
      },
    },
    Object {
      "@type": "Organization",
      "email": "manual@notreference.com",
      "identifier": undefined,
      "is_part_of": Object {
        "@type": "Organization",
        "email": undefined,
        "identifier": "http://uri.suomi.fi/codelist/fairdata/organization/code/NOT-REALLY-REFERENCE-ORG",
        "name": Object {
          "en": "Not Really a Reference Org",
        },
      },
      "name": Object {
        "en": "Manual Org",
      },
    },
  ],
  "curator": Array [
    Object {
      "@type": "Organization",
      "email": undefined,
      "identifier": "http://uri.suomi.fi/codelist/fairdata/organization/code/10076-A802",
      "is_part_of": Object {
        "@type": "Organization",
        "email": undefined,
        "identifier": "http://uri.suomi.fi/codelist/fairdata/organization/code/10076",
        "name": Object {
          "en": "Aalto University",
          "fi": "Aalto yliopisto",
          "sv": "Aalto universitetet",
          "und": "Aalto yliopisto",
        },
      },
      "name": Object {
        "en": "Department of Media",
        "fi": "Department of Media",
        "und": "Department of Media",
      },
    },
  ],
  "publisher": Object {
    "@type": "Person",
    "email": "asdasd@test.com",
    "identifier": undefined,
    "member_of": Object {
      "@type": "Organization",
      "email": undefined,
      "identifier": "http://uri.suomi.fi/codelist/fairdata/organization/code/10076",
      "name": Object {
        "en": "Aalto University",
        "fi": "Aalto yliopisto",
        "sv": "Aalto universitetet",
        "und": "Aalto yliopisto",
      },
    },
    "name": "Asdasd J. Qwerty",
  },
  "rights_holder": Array [
    Object {
      "@type": "Person",
      "email": undefined,
      "identifier": undefined,
      "member_of": Object {
        "@type": "Organization",
        "email": undefined,
        "identifier": undefined,
        "name": Object {
          "en": "Some University",
        },
      },
      "name": "Teppo Testihenkilö",
    },
    Object {
      "@type": "Person",
      "email": "asdasd@test.com",
      "identifier": undefined,
      "member_of": Object {
        "@type": "Organization",
        "email": undefined,
        "identifier": "http://uri.suomi.fi/codelist/fairdata/organization/code/10076",
        "name": Object {
          "en": "Aalto University",
          "fi": "Aalto yliopisto",
          "sv": "Aalto universitetet",
          "und": "Aalto yliopisto",
        },
      },
      "name": "Asdasd J. Qwerty",
    },
  ],
}
`;
