// Jest Snapshot v1, https://goo.gl/fbAQLP

exports[`Qvain.RightsAndLicenses should render <AccessType /> 1`] = `
<Card
  bottomContent={false}
>
  <form__LabelLarge
    htmlFor="accessTypeSelect"
  >
    <Translate
      component="span"
      content="qvain.rightsAndLicenses.accessType.title"
    />
  </form__LabelLarge>
  <Translate
    attributes={
      Object {
        "placeholder": "qvain.rightsAndLicenses.accessType.placeholder",
      }
    }
    clearable={true}
    component={[Function]}
    getOptionLabel={[Function]}
    getOptionValue={[Function]}
    inputId="accessTypeSelect"
    isDisabled={false}
    name="accessType"
    onBlur={[Function]}
    onChange={[Function]}
    options={Array []}
    value={
      Object {
        "name": undefined,
        "url": "http://uri.suomi.fi/codelist/fairdata/access_type/code/open",
      }
    }
  />
  <ValidationError />
</Card>
`;
