// Jest Snapshot v1, https://goo.gl/fbAQLP

exports[`Qvain.Actors should render correctly 1`] = `
<Section
  components={
    Object {
      "tooltipContent": [Function],
    }
  }
  isRequired={true}
  translations={
    Object {
      "title": "qvain.actors.title",
      "tooltip": "qvain.actors.infoTitle",
    }
  }
>
  <inject-ActorModalBase-with-Stores />
  <inject-ActorsField-with-Stores />
</Section>
`;

exports[`Qvain.Actors store converts dataset for backend 1`] = `Array []`;
