// Jest Snapshot v1, https://goo.gl/fbAQLP

exports[`Qvain should render correctly 1`] = `ShallowWrapper {}`;

exports[`Qvain.Description should render <Description /> 1`] = `ShallowWrapper {}`;

exports[`Qvain.Description should render <DescriptionFeild /> 1`] = `ShallowWrapper {}`;

exports[`Qvain.Description should render <FieldOfScienceField /> 1`] = `ShallowWrapper {}`;

exports[`Qvain.Description should render <KeywordsField /> 1`] = `ShallowWrapper {}`;

exports[`Qvain.Description should render <OtherIdentifierField /> 1`] = `ShallowWrapper {}`;

exports[`Qvain.Actors should render correctly 1`] = `ShallowWrapper {}`;

exports[`Qvain.RightsAndLicenses should render <AccessType /> 1`] = `ShallowWrapper {}`;

exports[`Qvain.RightsAndLicenses should render <Licenses /> 1`] = `ShallowWrapper {}`;

exports[`Qvain.RightsAndLicenses should render <RightsAndLicenses /> 1`] = `ShallowWrapper {}`;
