// Jest Snapshot v1, https://goo.gl/fbAQLP

exports[`RelatedResource it renders 1`] = `
<Fragment>
  <Field
    brief={
      Object {
        "description": "qvain.history.relatedMaterial.brief.description",
        "title": "qvain.history.relatedMaterial.brief.title",
      }
    }
  />
</Fragment>
`;
